{
  "experiment_id": "experiment_5_5_non_snn_history_experts",
  "protocol_version": "non_snn_history_experts_v1",
  "spec": {
    "condition": "shared",
    "seed": 11
  },
  "seed": 11,
  "model_seed": 1438468696,
  "best_epoch": 117,
  "stopped_after_epoch": 142,
  "parameter_counts": {
    "trainable_total": 1548,
    "stored_total": 1548
  },
  "train": {
    "loss": 0.06366188983030605,
    "balanced_accuracy": 0.9849816364217031,
    "accuracy": 0.9845094664371773,
    "macro_f1": 0.9852164425947199,
    "n_samples": 581
  },
  "val": {
    "loss": 5.994625091552734,
    "balanced_accuracy": 0.46049182299182306,
    "accuracy": 0.46825396825396826,
    "macro_f1": 0.4505982153680363,
    "n_samples": 126
  },
  "test": {
    "loss": 7.316702842712402,
    "balanced_accuracy": 0.44415237540237534,
    "accuracy": 0.4452054794520548,
    "macro_f1": 0.4410263552166773,
    "n_samples": 146
  },
  "state_diagnostics": null,
  "q_only_probes": [],
  "shuffled_q_test": [],
  "test_trajectory": null,
  "same_what_pairs": null,
  "source": {
    "source_experiment_id": "experiment_5_4_snn_native_fusion",
    "source_protocol_version": "snn_native_what_when_fusion_v1",
    "source_cache_seed": 11,
    "what_definition": "frozen Local-SNN L2 spikes",
    "sampling_rate_hz": 64.0,
    "split_seed": 12345
  },
  "selection_policy": "best epoch selected by validation balanced accuracy, tie-broken by validation loss",
  "test_used_for_checkpoint_selection": false
}
