{
  "experiment_id": "experiment_5_5_non_snn_history_experts",
  "protocol_version": "non_snn_history_experts_v1",
  "spec": {
    "condition": "reset_gru",
    "seed": 23
  },
  "seed": 23,
  "model_seed": 3334060998,
  "best_epoch": 10,
  "stopped_after_epoch": 35,
  "parameter_counts": {
    "trainable_total": 50068,
    "stored_total": 50068
  },
  "train": {
    "loss": 0.3017102257443172,
    "balanced_accuracy": 0.9092076625844662,
    "accuracy": 0.9053356282271945,
    "macro_f1": 0.9057012038629061,
    "n_samples": 581
  },
  "val": {
    "loss": 1.5611085891723633,
    "balanced_accuracy": 0.5556697931697933,
    "accuracy": 0.5476190476190477,
    "macro_f1": 0.5543637194431379,
    "n_samples": 126
  },
  "test": {
    "loss": 1.857622015966128,
    "balanced_accuracy": 0.5380133755133755,
    "accuracy": 0.547945205479452,
    "macro_f1": 0.5331639567755753,
    "n_samples": 146
  },
  "state_diagnostics": {
    "occupancy": [
      0.12187893370091125,
      0.1219643889232048,
      0.09585222971025112,
      0.14647099622904838,
      0.1479864462906454,
      0.14291492891741694,
      0.11519766336330382,
      0.10773441600727474
    ],
    "entropy_mean": 2.0593871022166095,
    "entropy_median": 2.062231204279205,
    "total_variation_l1_mean": 0.07378746343440164,
    "argmax_transitions_per_second": 22.324333389233608,
    "mean_dwell_seconds": 0.043805155596841616,
    "median_dwell_seconds": 0.015625,
    "relative_profile": [
      [
        0.12167394526680059,
        0.12144081222034897,
        0.11056292276900215,
        0.13249252334567188,
        0.12044024304192089,
        0.14034949372746522,
        0.12778430049531633,
        0.12525577887987036
      ],
      [
        0.12390360868931019,
        0.12198689125106055,
        0.10701025936004976,
        0.13623651086173755,
        0.12220411426580931,
        0.142646049829886,
        0.12269610272535926,
        0.12331647360910307
      ],
      [
        0.12804619181867039,
        0.12090393414936829,
        0.10228487797037973,
        0.14335628805854503,
        0.1301600650400296,
        0.14449319944369782,
        0.11461378543873048,
        0.1161416611689344
      ],
      [
        0.12248208812646222,
        0.12107240492281532,
        0.09800199115578133,
        0.14865206775534506,
        0.14006450986686136,
        0.14648513898945056,
        0.11093774971076707,
        0.11230405128329111
      ],
      [
        0.12230606939732622,
        0.12150656976721189,
        0.09358889725275414,
        0.15153832891924185,
        0.14766687556541822,
        0.1473132679143558,
        0.11026778231683242,
        0.10581220770985804
      ],
      [
        0.12418831226409022,
        0.12122187981503323,
        0.0921785677648829,
        0.15080187781134224,
        0.153086306138758,
        0.1443023676296845,
        0.11198167230777277,
        0.10223901646498895
      ],
      [
        0.12110541364218351,
        0.12263059640262965,
        0.09006884250907651,
        0.1494925900202821,
        0.16136575372465042,
        0.14317140279464832,
        0.11235066675604283,
        0.0998147318632452
      ],
      [
        0.1196977513670518,
        0.12273716327754777,
        0.0885514383048273,
        0.15057596286314393,
        0.165964853888387,
        0.14167290046659822,
        0.11238891282158253,
        0.09841101752143423
      ],
      [
        0.11755482233650298,
        0.12297677389891797,
        0.08826859070855707,
        0.15022582457539235,
        0.16950851456201535,
        0.1404173411926463,
        0.11354582498039746,
        0.09750230711121392
      ],
      [
        0.11807408930622859,
        0.12311948432957864,
        0.08781381461734308,
        0.15174615167688613,
        0.16922565052128138,
        0.13880152817009758,
        0.11471385009540098,
        0.09650543021464422
      ]
    ],
    "relative_profile_centers": [
      0.05,
      0.15,
      0.25,
      0.35,
      0.45,
      0.55,
      0.65,
      0.75,
      0.85,
      0.95
    ],
    "absolute_profile": [
      [
        0.12206380606998932,
        0.12159732526984729,
        0.10930653039225671,
        0.13396879915173535,
        0.1208286627310596,
        0.14139673289881177,
        0.12608257536648784,
        0.1247555849282709
      ],
      [
        0.12866240136376392,
        0.1213080056573022,
        0.10130011276278185,
        0.14446174798928813,
        0.13113173377087772,
        0.14537212731992852,
        0.11314687110509163,
        0.11461700123658225
      ],
      [
        0.12335095284154632,
        0.12081711760104419,
        0.093952380597617,
        0.14986584039206563,
        0.1500943529602025,
        0.14693723203249506,
        0.10898988202047818,
        0.10599224157695405
      ],
      [
        0.1182670142725876,
        0.1221950716260188,
        0.08982183823632774,
        0.15167582694421022,
        0.16133631925211195,
        0.14409902721016185,
        0.11300383883469606,
        0.09960106411621493
      ],
      [
        0.11695467149186287,
        0.12416597424893622,
        0.08729376237910644,
        0.1499012928384884,
        0.16941510474985572,
        0.1399924876820889,
        0.11556622591462865,
        0.09671047768869977
      ],
      [
        0.11984064557745307,
        0.1229904318690554,
        0.08648823773343596,
        0.1536641002843936,
        0.17248674179005802,
        0.13562062076422862,
        0.11396068346481354,
        0.09494853723512543
      ],
      [
        0.11761550473284374,
        0.12198670846816984,
        0.08537377424321128,
        0.15350528357966434,
        0.17733878182988722,
        0.13759276858594233,
        0.11159535614972554,
        0.0949918235317596
      ],
      [
        0.11316922761145093,
        0.12356675636200677,
        0.08781471458219346,
        0.1498084423087892,
        0.16556723827407474,
        0.13981890571968897,
        0.11810786255768367,
        0.10214685428710212
      ],
      [
        0.11866046984990437,
        0.11961350838343303,
        0.08854630589485168,
        0.13767809172471365,
        0.16274544596672058,
        0.13586711386839548,
        0.13474943985541663,
        0.10213964929183324
      ],
      [
        0.0,
        0.0,
        0.0,
        0.0,
        0.0,
        0.0,
        0.0,
        0.0
      ],
      [
        0.0,
        0.0,
        0.0,
        0.0,
        0.0,
        0.0,
        0.0,
        0.0
      ],
      [
        0.0,
        0.0,
        0.0,
        0.0,
        0.0,
        0.0,
        0.0,
        0.0
      ],
      [
        0.0,
        0.0,
        0.0,
        0.0,
        0.0,
        0.0,
        0.0,
        0.0
      ],
      [
        0.0,
        0.0,
        0.0,
        0.0,
        0.0,
        0.0,
        0.0,
        0.0
      ],
      [
        0.0,
        0.0,
        0.0,
        0.0,
        0.0,
        0.0,
        0.0,
        0.0
      ],
      [
        0.0,
        0.0,
        0.0,
        0.0,
        0.0,
        0.0,
        0.0,
        0.0
      ]
    ],
    "absolute_profile_centers_seconds": [
      0.125,
      0.375,
      0.625,
      0.875,
      1.125,
      1.375,
      1.625,
      1.875,
      2.125,
      2.375,
      2.625,
      2.875,
      3.125,
      3.375,
      3.625,
      3.875
    ]
  },
  "q_only_probes": [
    {
      "feature": "mean_q",
      "split": "train",
      "loss": 0.8740631911094254,
      "balanced_accuracy": 0.7096439043518007,
      "accuracy": 0.7160068846815835,
      "macro_f1": 0.7085523827612864,
      "n_samples": 581
    },
    {
      "feature": "mean_q",
      "split": "val",
      "loss": 1.6421272684463617,
      "balanced_accuracy": 0.45136483886483886,
      "accuracy": 0.46825396825396826,
      "macro_f1": 0.4530119094012282,
      "n_samples": 126
    },
    {
      "feature": "mean_q",
      "split": "test",
      "loss": 1.7409951371593486,
      "balanced_accuracy": 0.44440281940281934,
      "accuracy": 0.4520547945205479,
      "macro_f1": 0.45312286397812707,
      "n_samples": 146
    },
    {
      "feature": "final_q",
      "split": "train",
      "loss": 1.9177472932372075,
      "balanced_accuracy": 0.3480480000097242,
      "accuracy": 0.3528399311531842,
      "macro_f1": 0.3387886305783701,
      "n_samples": 581
    },
    {
      "feature": "final_q",
      "split": "val",
      "loss": 2.199506320742605,
      "balanced_accuracy": 0.259493746993747,
      "accuracy": 0.2698412698412698,
      "macro_f1": 0.2621804850221079,
      "n_samples": 126
    },
    {
      "feature": "final_q",
      "split": "test",
      "loss": 2.155841342854656,
      "balanced_accuracy": 0.25385864135864133,
      "accuracy": 0.2671232876712329,
      "macro_f1": 0.23136895867159027,
      "n_samples": 146
    }
  ],
  "shuffled_q_test": [],
  "test_trajectory": null,
  "same_what_pairs": null,
  "source": {
    "source_experiment_id": "experiment_5_4_snn_native_fusion",
    "source_protocol_version": "snn_native_what_when_fusion_v1",
    "source_cache_seed": 23,
    "what_definition": "frozen Local-SNN L2 spikes",
    "sampling_rate_hz": 64.0,
    "split_seed": 12345
  },
  "selection_policy": "best epoch selected by validation balanced accuracy, tie-broken by validation loss",
  "test_used_for_checkpoint_selection": false
}
