{
  "experiment_id": "experiment_5_5_non_snn_history_experts",
  "protocol_version": "non_snn_history_experts_v1",
  "spec": {
    "condition": "reset_gru",
    "seed": 71
  },
  "seed": 71,
  "model_seed": 1840036718,
  "best_epoch": 17,
  "stopped_after_epoch": 42,
  "parameter_counts": {
    "trainable_total": 50068,
    "stored_total": 50068
  },
  "train": {
    "loss": 0.29924855785197524,
    "balanced_accuracy": 0.9233354069805652,
    "accuracy": 0.9242685025817556,
    "macro_f1": 0.9239320486761518,
    "n_samples": 581
  },
  "val": {
    "loss": 1.6203335523605347,
    "balanced_accuracy": 0.543927368927369,
    "accuracy": 0.5396825396825397,
    "macro_f1": 0.5354302902850997,
    "n_samples": 126
  },
  "test": {
    "loss": 2.145143600359355,
    "balanced_accuracy": 0.45729756354756357,
    "accuracy": 0.4589041095890411,
    "macro_f1": 0.43672857500256873,
    "n_samples": 146
  },
  "state_diagnostics": {
    "occupancy": [
      0.11218972923851284,
      0.1331668489188637,
      0.11617155822865403,
      0.15480062377011444,
      0.17179511456501612,
      0.09050964157410568,
      0.11182982996575204,
      0.10953664758802448
    ],
    "entropy_mean": 2.0421699518195764,
    "entropy_median": 2.0512581662122003,
    "total_variation_l1_mean": 0.09702717599090556,
    "argmax_transitions_per_second": 21.8950192855945,
    "mean_dwell_seconds": 0.044634406057737816,
    "median_dwell_seconds": 0.015625,
    "relative_profile": [
      [
        0.1348398166378559,
        0.11512264938246977,
        0.11555829465012007,
        0.13861040513420217,
        0.13876528007603145,
        0.12102983966823432,
        0.1266607168083421,
        0.10941296389114254
      ],
      [
        0.1303906449125441,
        0.12174418062022134,
        0.11411135062688897,
        0.14072034282769116,
        0.14579169080607676,
        0.11443934550195,
        0.12278772912017377,
        0.11001469592968353
      ],
      [
        0.12295556419511156,
        0.13536324480655693,
        0.11378359527104193,
        0.14676476847861986,
        0.15659805973238305,
        0.10387663706031017,
        0.11397614873777935,
        0.10668197539545676
      ],
      [
        0.11619991560777028,
        0.13922716714913333,
        0.11515418702288518,
        0.1502665284250859,
        0.16345084429038728,
        0.09614468791250941,
        0.11108527010000205,
        0.10847139938848431
      ],
      [
        0.10989578125470734,
        0.14430119310197367,
        0.11597394220429272,
        0.1508744981127184,
        0.1674576131849464,
        0.08998040699498544,
        0.10957618633685666,
        0.1119403782024115
      ],
      [
        0.10653928560124186,
        0.14275346354866264,
        0.11616641140534478,
        0.1539763312507344,
        0.1760236547502819,
        0.08439963445779909,
        0.10855645122527094,
        0.11158476886013177
      ],
      [
        0.10367031836767561,
        0.135755142262097,
        0.11813678743686533,
        0.15973329551505566,
        0.1838502234743657,
        0.07904690360579138,
        0.1080138799478726,
        0.11179344896877963
      ],
      [
        0.10006508785229044,
        0.1355326048992007,
        0.11653587782468691,
        0.1646599358297544,
        0.19111852528757453,
        0.07435052803923989,
        0.1067901185119616,
        0.11094731903381255
      ],
      [
        0.09930948615820459,
        0.13275029744722808,
        0.11700958879244745,
        0.1675387712969804,
        0.19762833349916692,
        0.07170184038094368,
        0.1054633806190626,
        0.1085983037152553
      ],
      [
        0.09789457682485117,
        0.1303429032054067,
        0.11908541402566396,
        0.17428287196332198,
        0.19706518273088253,
        0.0700540478402591,
        0.10509310840252425,
        0.10618189511511206
      ]
    ],
    "relative_profile_centers": [
      0.05,
      0.15,
      0.25,
      0.35,
      0.45,
      0.55,
      0.65,
      0.75,
      0.85,
      0.95
    ],
    "absolute_profile": [
      [
        0.13341531002166848,
        0.11708510723858051,
        0.11495699167685354,
        0.1388533604203736,
        0.1409155112078847,
        0.11916546458824959,
        0.12548441173865982,
        0.11012381424948778
      ],
      [
        0.12148931910832451,
        0.13785828700072247,
        0.11396146846507765,
        0.14801653166148454,
        0.15776895591032322,
        0.10194962016746963,
        0.11277757024660401,
        0.10617824507979294
      ],
      [
        0.11055241540215167,
        0.14422324179796522,
        0.11551570451956025,
        0.1509109719134739,
        0.16928612658453152,
        0.08942714414504897,
        0.10909481151381514,
        0.1109895830481118
      ],
      [
        0.1014501634644225,
        0.14266725032938152,
        0.11773201567223418,
        0.15493448259882406,
        0.17985904881593007,
        0.08028197021196709,
        0.10851462481509688,
        0.11456044380221657
      ],
      [
        0.09704447454375446,
        0.13070463899309467,
        0.11666046036466671,
        0.1731376211971614,
        0.19601360426112346,
        0.06923549230429966,
        0.10632423294862364,
        0.11087947520812985
      ],
      [
        0.09441625027737806,
        0.12515648808310462,
        0.11680592913914539,
        0.18070210957616029,
        0.21067226624177796,
        0.06340938234846559,
        0.10341619606565236,
        0.10542137838336733
      ],
      [
        0.10061449823376623,
        0.11940608506353156,
        0.12383362672571997,
        0.17496823378413626,
        0.21392064552428652,
        0.06592033118081903,
        0.10199151963935894,
        0.09934506297690197
      ],
      [
        0.10866555607035047,
        0.11945558268399466,
        0.13323764041775749,
        0.15949471011048272,
        0.1945738441887356,
        0.07808632875482241,
        0.1081511540781884,
        0.09833519011735917
      ],
      [
        0.1295833339293798,
        0.11838770657777786,
        0.1251210719347,
        0.1446562111377716,
        0.16846404472986856,
        0.10190815726915996,
        0.11612887432177861,
        0.095750592648983
      ],
      [
        0.0,
        0.0,
        0.0,
        0.0,
        0.0,
        0.0,
        0.0,
        0.0
      ],
      [
        0.0,
        0.0,
        0.0,
        0.0,
        0.0,
        0.0,
        0.0,
        0.0
      ],
      [
        0.0,
        0.0,
        0.0,
        0.0,
        0.0,
        0.0,
        0.0,
        0.0
      ],
      [
        0.0,
        0.0,
        0.0,
        0.0,
        0.0,
        0.0,
        0.0,
        0.0
      ],
      [
        0.0,
        0.0,
        0.0,
        0.0,
        0.0,
        0.0,
        0.0,
        0.0
      ],
      [
        0.0,
        0.0,
        0.0,
        0.0,
        0.0,
        0.0,
        0.0,
        0.0
      ],
      [
        0.0,
        0.0,
        0.0,
        0.0,
        0.0,
        0.0,
        0.0,
        0.0
      ]
    ],
    "absolute_profile_centers_seconds": [
      0.125,
      0.375,
      0.625,
      0.875,
      1.125,
      1.375,
      1.625,
      1.875,
      2.125,
      2.375,
      2.625,
      2.875,
      3.125,
      3.375,
      3.625,
      3.875
    ]
  },
  "q_only_probes": [
    {
      "feature": "mean_q",
      "split": "train",
      "loss": 1.0319869731827185,
      "balanced_accuracy": 0.6288092993152335,
      "accuracy": 0.6402753872633391,
      "macro_f1": 0.6294738947006381,
      "n_samples": 581
    },
    {
      "feature": "mean_q",
      "split": "val",
      "loss": 1.5077667409948472,
      "balanced_accuracy": 0.4266534391534392,
      "accuracy": 0.4365079365079365,
      "macro_f1": 0.4341924736902751,
      "n_samples": 126
    },
    {
      "feature": "mean_q",
      "split": "test",
      "loss": 2.042924091127107,
      "balanced_accuracy": 0.4652500277500277,
      "accuracy": 0.4794520547945205,
      "macro_f1": 0.4480005062511787,
      "n_samples": 146
    },
    {
      "feature": "final_q",
      "split": "train",
      "loss": 1.914690925819745,
      "balanced_accuracy": 0.3288269953577095,
      "accuracy": 0.33390705679862304,
      "macro_f1": 0.3207586721287881,
      "n_samples": 581
    },
    {
      "feature": "final_q",
      "split": "val",
      "loss": 2.223776144381558,
      "balanced_accuracy": 0.26706950456950457,
      "accuracy": 0.2777777777777778,
      "macro_f1": 0.26806157991512675,
      "n_samples": 126
    },
    {
      "feature": "final_q",
      "split": "test",
      "loss": 2.15936531871043,
      "balanced_accuracy": 0.2851558164058164,
      "accuracy": 0.3013698630136986,
      "macro_f1": 0.2727800468758311,
      "n_samples": 146
    }
  ],
  "shuffled_q_test": [],
  "test_trajectory": null,
  "same_what_pairs": null,
  "source": {
    "source_experiment_id": "experiment_5_4_snn_native_fusion",
    "source_protocol_version": "snn_native_what_when_fusion_v1",
    "source_cache_seed": 71,
    "what_definition": "frozen Local-SNN L2 spikes",
    "sampling_rate_hz": 64.0,
    "split_seed": 12345
  },
  "selection_policy": "best epoch selected by validation balanced accuracy, tie-broken by validation loss",
  "test_used_for_checkpoint_selection": false
}
