{
  "experiment_id": "experiment_5_5_non_snn_history_experts",
  "protocol_version": "non_snn_history_experts_v1",
  "spec": {
    "condition": "ordered_gru",
    "seed": 23
  },
  "seed": 23,
  "model_seed": 3334060998,
  "best_epoch": 8,
  "stopped_after_epoch": 33,
  "parameter_counts": {
    "trainable_total": 50068,
    "stored_total": 50068
  },
  "train": {
    "loss": 0.34583215918167526,
    "balanced_accuracy": 0.9033816071829838,
    "accuracy": 0.9001721170395869,
    "macro_f1": 0.8993943839590687,
    "n_samples": 581
  },
  "val": {
    "loss": 1.6249892711639404,
    "balanced_accuracy": 0.5519300144300144,
    "accuracy": 0.5476190476190477,
    "macro_f1": 0.5477512730709662,
    "n_samples": 126
  },
  "test": {
    "loss": 1.7586876562196914,
    "balanced_accuracy": 0.527955377955378,
    "accuracy": 0.5342465753424658,
    "macro_f1": 0.5304656960059947,
    "n_samples": 146
  },
  "state_diagnostics": {
    "occupancy": [
      0.1216070180403339,
      0.12389969104447947,
      0.09368272429002564,
      0.15111403907491838,
      0.15640769824521422,
      0.14304585842695888,
      0.10365739976308347,
      0.10658557435980276
    ],
    "entropy_mean": 2.0428952599102383,
    "entropy_median": 2.049743175263507,
    "total_variation_l1_mean": 0.0500845432949335,
    "argmax_transitions_per_second": 10.217675666610766,
    "mean_dwell_seconds": 0.09201219512195122,
    "median_dwell_seconds": 0.03125,
    "relative_profile": [
      [
        0.1207988977644451,
        0.12184819496012753,
        0.11071570412126146,
        0.13163448884918155,
        0.11810291467140181,
        0.14153827215203002,
        0.12914818282463128,
        0.12621337521962728
      ],
      [
        0.12139458435758708,
        0.12349514976131219,
        0.10588987267542249,
        0.1340302928247561,
        0.1185009163519672,
        0.14725453611605255,
        0.12362376230813808,
        0.12581088542181187
      ],
      [
        0.12997513076754985,
        0.12148595773447941,
        0.10150138904543297,
        0.14815440096017019,
        0.1263804391051353,
        0.14723023466511106,
        0.10886069814098985,
        0.11641174736894896
      ],
      [
        0.12363691057711211,
        0.12087069279533902,
        0.0971101992901116,
        0.15514882831885343,
        0.14114089086966172,
        0.15075981816284767,
        0.09987089788297561,
        0.11146176067585684
      ],
      [
        0.12009428034031147,
        0.12247751763173134,
        0.09142021326596114,
        0.15865767194091662,
        0.1545082458482464,
        0.15157567155340831,
        0.09614952858664579,
        0.10511686981563478
      ],
      [
        0.12550117385628198,
        0.12346526426981032,
        0.08937181828133547,
        0.15992074446278176,
        0.16130383180643248,
        0.145120845559404,
        0.0957983061026318,
        0.09951801627247862
      ],
      [
        0.12160479873046899,
        0.1258722829342682,
        0.08623868312854041,
        0.15522276181820624,
        0.17515435892338563,
        0.14226501498885838,
        0.09658689067672671,
        0.0970552112572453
      ],
      [
        0.12039959463472091,
        0.1260554255593045,
        0.08496002153558073,
        0.15617288120229636,
        0.18443083625709142,
        0.13763491809368134,
        0.09460305913576822,
        0.09574326354688799
      ],
      [
        0.11608492277674563,
        0.12674658050844587,
        0.08483214152724994,
        0.1554614764471882,
        0.19075599780464808,
        0.13589465039127657,
        0.09542009631834165,
        0.0948041349164333
      ],
      [
        0.11684854482198397,
        0.12657862769142028,
        0.08455991592304928,
        0.1573172516093172,
        0.19305351044293667,
        0.13220305548145853,
        0.09570223026176138,
        0.09373686518695287
      ]
    ],
    "relative_profile_centers": [
      0.05,
      0.15,
      0.25,
      0.35,
      0.45,
      0.55,
      0.65,
      0.75,
      0.85,
      0.95
    ],
    "absolute_profile": [
      [
        0.12035826963933874,
        0.12249221722595394,
        0.10883452961132033,
        0.13244097840921212,
        0.11797093157975437,
        0.14389986435130034,
        0.12745962864464175,
        0.12654359657827713
      ],
      [
        0.13143809384360194,
        0.1224395114839179,
        0.10049388994947586,
        0.15070244097087074,
        0.12773858821529843,
        0.14814179058327046,
        0.10557645503654821,
        0.1134692286364479
      ],
      [
        0.12294177260710713,
        0.12120239796673822,
        0.09276670659972272,
        0.15590614462879412,
        0.1567420428074717,
        0.1505545497587098,
        0.09468407150601194,
        0.10520231388541278
      ],
      [
        0.11669860373611726,
        0.1257063324325702,
        0.08612538193823424,
        0.15718451676579356,
        0.17710303050218348,
        0.14429101509844855,
        0.09508167082335339,
        0.09780945059056091
      ],
      [
        0.11504717995976187,
        0.12912364655714126,
        0.08221684972619175,
        0.15439646978666827,
        0.19041109294838207,
        0.13615483196487851,
        0.09883912344741973,
        0.09381080636647857
      ],
      [
        0.12118791490475844,
        0.12558349210042924,
        0.08354416949410662,
        0.16166905173287985,
        0.1954469946277535,
        0.12628964130013895,
        0.09505530846671174,
        0.09122342640916888
      ],
      [
        0.11829140456845459,
        0.12196707286085319,
        0.08189058028957219,
        0.16351601488671255,
        0.20613550519552623,
        0.1272622998261336,
        0.08958023736813983,
        0.09135688714755391
      ],
      [
        0.11180210773433957,
        0.12670018147854578,
        0.08087333937486013,
        0.1596996755117462,
        0.18614427929832822,
        0.13480831562053588,
        0.10096825389634995,
        0.09900384850445249
      ],
      [
        0.10837266594171524,
        0.1261183818181356,
        0.09085411081711452,
        0.1338061292966207,
        0.1720688839753469,
        0.14225376149018606,
        0.12012786169846852,
        0.10639823228120804
      ],
      [
        0.0,
        0.0,
        0.0,
        0.0,
        0.0,
        0.0,
        0.0,
        0.0
      ],
      [
        0.0,
        0.0,
        0.0,
        0.0,
        0.0,
        0.0,
        0.0,
        0.0
      ],
      [
        0.0,
        0.0,
        0.0,
        0.0,
        0.0,
        0.0,
        0.0,
        0.0
      ],
      [
        0.0,
        0.0,
        0.0,
        0.0,
        0.0,
        0.0,
        0.0,
        0.0
      ],
      [
        0.0,
        0.0,
        0.0,
        0.0,
        0.0,
        0.0,
        0.0,
        0.0
      ],
      [
        0.0,
        0.0,
        0.0,
        0.0,
        0.0,
        0.0,
        0.0,
        0.0
      ],
      [
        0.0,
        0.0,
        0.0,
        0.0,
        0.0,
        0.0,
        0.0,
        0.0
      ]
    ],
    "absolute_profile_centers_seconds": [
      0.125,
      0.375,
      0.625,
      0.875,
      1.125,
      1.375,
      1.625,
      1.875,
      2.125,
      2.375,
      2.625,
      2.875,
      3.125,
      3.375,
      3.625,
      3.875
    ]
  },
  "q_only_probes": [
    {
      "feature": "mean_q",
      "split": "train",
      "loss": 0.928484136151366,
      "balanced_accuracy": 0.6563792445443583,
      "accuracy": 0.6660929432013769,
      "macro_f1": 0.6536816322210149,
      "n_samples": 581
    },
    {
      "feature": "mean_q",
      "split": "val",
      "loss": 1.6872807246198607,
      "balanced_accuracy": 0.46297498797498804,
      "accuracy": 0.46825396825396826,
      "macro_f1": 0.46177467088199803,
      "n_samples": 126
    },
    {
      "feature": "mean_q",
      "split": "test",
      "loss": 1.7550246492203685,
      "balanced_accuracy": 0.42730533355533357,
      "accuracy": 0.4315068493150685,
      "macro_f1": 0.4251581932935738,
      "n_samples": 146
    },
    {
      "feature": "final_q",
      "split": "train",
      "loss": 1.7195848141958816,
      "balanced_accuracy": 0.39468715346065625,
      "accuracy": 0.4044750430292599,
      "macro_f1": 0.3839873881398507,
      "n_samples": 581
    },
    {
      "feature": "final_q",
      "split": "val",
      "loss": 2.260246100855584,
      "balanced_accuracy": 0.2539081289081289,
      "accuracy": 0.2698412698412698,
      "macro_f1": 0.2633129478252969,
      "n_samples": 126
    },
    {
      "feature": "final_q",
      "split": "test",
      "loss": 2.140885992661836,
      "balanced_accuracy": 0.288017538017538,
      "accuracy": 0.3082191780821918,
      "macro_f1": 0.27600053081931947,
      "n_samples": 146
    }
  ],
  "shuffled_q_test": [
    {
      "replicate": 0,
      "loss": 1.7190838385279923,
      "balanced_accuracy": 0.5253399378399378,
      "accuracy": 0.5342465753424658,
      "macro_f1": 0.5320034083248065,
      "n_samples": 146
    },
    {
      "replicate": 1,
      "loss": 1.7146238371649887,
      "balanced_accuracy": 0.5253399378399378,
      "accuracy": 0.5342465753424658,
      "macro_f1": 0.5320034083248065,
      "n_samples": 146
    },
    {
      "replicate": 2,
      "loss": 1.72008024859298,
      "balanced_accuracy": 0.5118117993117993,
      "accuracy": 0.5205479452054794,
      "macro_f1": 0.5194676717694621,
      "n_samples": 146
    },
    {
      "replicate": 3,
      "loss": 1.7203445480906707,
      "balanced_accuracy": 0.5058594183594184,
      "accuracy": 0.5136986301369864,
      "macro_f1": 0.5119018135173293,
      "n_samples": 146
    },
    {
      "replicate": 4,
      "loss": 1.724023264977328,
      "balanced_accuracy": 0.5187562437562437,
      "accuracy": 0.5273972602739726,
      "macro_f1": 0.5220981465013861,
      "n_samples": 146
    }
  ],
  "test_trajectory": "notebooks/artifacts/experiment_5_5_non_snn_history_experts/non_snn_history_experts_v1/trajectories/ordered_gru__seed23__test.npz",
  "same_what_pairs": "notebooks/artifacts/experiment_5_5_non_snn_history_experts/non_snn_history_experts_v1/same_what/ordered_gru__seed23.csv",
  "source": {
    "source_experiment_id": "experiment_5_4_snn_native_fusion",
    "source_protocol_version": "snn_native_what_when_fusion_v1",
    "source_cache_seed": 23,
    "what_definition": "frozen Local-SNN L2 spikes",
    "sampling_rate_hz": 64.0,
    "split_seed": 12345
  },
  "selection_policy": "best epoch selected by validation balanced accuracy, tie-broken by validation loss",
  "test_used_for_checkpoint_selection": false
}
