{
  "experiment_id": "experiment_5_5_non_snn_history_experts",
  "protocol_version": "non_snn_history_experts_v1",
  "spec": {
    "condition": "shared",
    "seed": 53
  },
  "seed": 53,
  "model_seed": 1801114884,
  "best_epoch": 84,
  "stopped_after_epoch": 109,
  "parameter_counts": {
    "trainable_total": 1548,
    "stored_total": 1548
  },
  "train": {
    "loss": 0.25668614289744174,
    "balanced_accuracy": 0.9456866796043624,
    "accuracy": 0.9449225473321858,
    "macro_f1": 0.9458650762048469,
    "n_samples": 581
  },
  "val": {
    "loss": 5.223574638366699,
    "balanced_accuracy": 0.48814333814333816,
    "accuracy": 0.5,
    "macro_f1": 0.476535401026063,
    "n_samples": 126
  },
  "test": {
    "loss": 8.743774675343134,
    "balanced_accuracy": 0.4330572205572205,
    "accuracy": 0.4315068493150685,
    "macro_f1": 0.43252520581219134,
    "n_samples": 146
  },
  "state_diagnostics": null,
  "q_only_probes": [],
  "shuffled_q_test": [],
  "test_trajectory": null,
  "same_what_pairs": null,
  "source": {
    "source_experiment_id": "experiment_5_4_snn_native_fusion",
    "source_protocol_version": "snn_native_what_when_fusion_v1",
    "source_cache_seed": 53,
    "what_definition": "frozen Local-SNN L2 spikes",
    "sampling_rate_hz": 64.0,
    "split_seed": 12345
  },
  "selection_policy": "best epoch selected by validation balanced accuracy, tie-broken by validation loss",
  "test_used_for_checkpoint_selection": false
}
