{
  "experiment_id": "experiment_5_5_non_snn_history_experts",
  "protocol_version": "non_snn_history_experts_v1",
  "spec": {
    "condition": "shared",
    "seed": 23
  },
  "seed": 23,
  "model_seed": 3334060998,
  "best_epoch": 136,
  "stopped_after_epoch": 161,
  "parameter_counts": {
    "trainable_total": 1548,
    "stored_total": 1548
  },
  "train": {
    "loss": 0.03538475713328732,
    "balanced_accuracy": 0.9901318362102676,
    "accuracy": 0.9896729776247849,
    "macro_f1": 0.9902048838300841,
    "n_samples": 581
  },
  "val": {
    "loss": 6.643150806427002,
    "balanced_accuracy": 0.4784511784511785,
    "accuracy": 0.47619047619047616,
    "macro_f1": 0.46436187551748187,
    "n_samples": 126
  },
  "test": {
    "loss": 7.599480341558587,
    "balanced_accuracy": 0.4851134976134976,
    "accuracy": 0.4931506849315068,
    "macro_f1": 0.48455771250937557,
    "n_samples": 146
  },
  "state_diagnostics": null,
  "q_only_probes": [],
  "shuffled_q_test": [],
  "test_trajectory": null,
  "same_what_pairs": null,
  "source": {
    "source_experiment_id": "experiment_5_4_snn_native_fusion",
    "source_protocol_version": "snn_native_what_when_fusion_v1",
    "source_cache_seed": 23,
    "what_definition": "frozen Local-SNN L2 spikes",
    "sampling_rate_hz": 64.0,
    "split_seed": 12345
  },
  "selection_policy": "best epoch selected by validation balanced accuracy, tie-broken by validation loss",
  "test_used_for_checkpoint_selection": false
}
