{
  "experiment_id": "experiment_5_5_non_snn_history_experts",
  "protocol_version": "non_snn_history_experts_v1",
  "spec": {
    "condition": "ordered_gru",
    "seed": 71
  },
  "seed": 71,
  "model_seed": 1840036718,
  "best_epoch": 17,
  "stopped_after_epoch": 42,
  "parameter_counts": {
    "trainable_total": 50068,
    "stored_total": 50068
  },
  "train": {
    "loss": 0.2735483693584107,
    "balanced_accuracy": 0.9311914625081893,
    "accuracy": 0.9311531841652324,
    "macro_f1": 0.9309864184289566,
    "n_samples": 581
  },
  "val": {
    "loss": 1.663806438446045,
    "balanced_accuracy": 0.517502405002405,
    "accuracy": 0.5158730158730159,
    "macro_f1": 0.5197818765486247,
    "n_samples": 126
  },
  "test": {
    "loss": 2.2025634948521446,
    "balanced_accuracy": 0.44301184926184917,
    "accuracy": 0.4452054794520548,
    "macro_f1": 0.42663597704038886,
    "n_samples": 146
  },
  "state_diagnostics": {
    "occupancy": [
      0.1066595642519479,
      0.1358115412279435,
      0.11790335490235614,
      0.1680303695978877,
      0.18563745416345345,
      0.08164293934236853,
      0.10268264549992351,
      0.1016321302002149
    ],
    "entropy_mean": 2.010034960511086,
    "entropy_median": 2.028236429233157,
    "total_variation_l1_mean": 0.052963942250306525,
    "argmax_transitions_per_second": 11.323159483481469,
    "mean_dwell_seconds": 0.08361037234042554,
    "median_dwell_seconds": 0.03125,
    "relative_profile": [
      [
        0.13700470882998425,
        0.1129362701697723,
        0.11231229337568902,
        0.14266463151036562,
        0.14422097231579734,
        0.1158018257392311,
        0.12672038204802932,
        0.10833891678035637
      ],
      [
        0.13271995765061625,
        0.11782149972424075,
        0.10701212171815291,
        0.14876696568969747,
        0.15932383802762787,
        0.10348004320672667,
        0.12231641614795438,
        0.10855915196788805
      ],
      [
        0.12423391059799131,
        0.13656589944067848,
        0.10801160377485242,
        0.15451124388789814,
        0.17014268165558352,
        0.09352676561560554,
        0.11115249051239413,
        0.10185540300654908
      ],
      [
        0.11442900014577535,
        0.14530450117298824,
        0.11348235288375541,
        0.16025119347159872,
        0.1763953446713178,
        0.08627822195270142,
        0.1047117728472762,
        0.0991476127115483
      ],
      [
        0.10434380121236674,
        0.15556372215163994,
        0.1177089629891891,
        0.16024163943229072,
        0.17812018613283342,
        0.08186003530347154,
        0.10000464020125288,
        0.10215701478765483
      ],
      [
        0.09966765529946758,
        0.15547955910209182,
        0.11836748140244473,
        0.16225301229256003,
        0.18830183967763692,
        0.07657256426239004,
        0.09706074131770952,
        0.10229714582416997
      ],
      [
        0.09556862506736535,
        0.1422212187281365,
        0.12694943703698636,
        0.17104598008306968,
        0.1943458905583015,
        0.07181157644050887,
        0.09600057920902819,
        0.10205669331669609
      ],
      [
        0.08964236248316095,
        0.13731398675496204,
        0.12560722320742412,
        0.18313003211028483,
        0.20554908950594072,
        0.0664893931609952,
        0.09220243286019957,
        0.10006548080107988
      ],
      [
        0.08636780763868995,
        0.13118519091073777,
        0.12423012257617384,
        0.1930746469018555,
        0.21717241344870827,
        0.06163465443109232,
        0.08920407314195557,
        0.09713109018893691
      ],
      [
        0.08278684912769119,
        0.1256721459218187,
        0.12506225482096492,
        0.20321911995570674,
        0.22227797881469458,
        0.0588268531036788,
        0.08731723365119913,
        0.0948375613548352
      ]
    ],
    "relative_profile_centers": [
      0.05,
      0.15,
      0.25,
      0.35,
      0.45,
      0.55,
      0.65,
      0.75,
      0.85,
      0.95
    ],
    "absolute_profile": [
      [
        0.13578517967197176,
        0.11365006391073845,
        0.10994990951260425,
        0.14505642620616988,
        0.1501709581288981,
        0.11124429934536911,
        0.1253328752282956,
        0.10881028449073536
      ],
      [
        0.12172288447937431,
        0.14219337512821928,
        0.10900411799658498,
        0.15533695264387723,
        0.1701484616042102,
        0.09206440476126561,
        0.10901620581248546,
        0.10051359805399679
      ],
      [
        0.10641148027122226,
        0.15430705346282303,
        0.11828510220645834,
        0.15975704337422228,
        0.17944908741528737,
        0.08107690617867787,
        0.10027616175973333,
        0.1004371644378579
      ],
      [
        0.09418400246841442,
        0.15574059841449622,
        0.1252264231261061,
        0.16011098770281584,
        0.18880945715435102,
        0.07438952055391848,
        0.09636354956245283,
        0.10517546163650336
      ],
      [
        0.08326019962454677,
        0.13145893035326034,
        0.12719022953870948,
        0.19366911709023887,
        0.21157392716142023,
        0.060815719009679595,
        0.09066905175234861,
        0.10136282587554424
      ],
      [
        0.07661354263671163,
        0.11392904952549325,
        0.12225881548195729,
        0.22003505404352253,
        0.2403287010880324,
        0.05098108894115312,
        0.08295438878626996,
        0.09289935814797942
      ],
      [
        0.07997722662442806,
        0.09736394790878285,
        0.1251796462835328,
        0.23289181686286786,
        0.2558612999985519,
        0.04825258748696267,
        0.07798095778969016,
        0.08249251448630708
      ],
      [
        0.09417618686954181,
        0.10177651296059291,
        0.13534666420448394,
        0.19627456466356913,
        0.24174410473732721,
        0.06132456065998191,
        0.08724381221192223,
        0.08211359087200391
      ],
      [
        0.1379439135392507,
        0.09713684270779292,
        0.12409653762976329,
        0.16295217474301657,
        0.2054277112086614,
        0.08951219916343689,
        0.09948987265427907,
        0.08344076077143352
      ],
      [
        0.0,
        0.0,
        0.0,
        0.0,
        0.0,
        0.0,
        0.0,
        0.0
      ],
      [
        0.0,
        0.0,
        0.0,
        0.0,
        0.0,
        0.0,
        0.0,
        0.0
      ],
      [
        0.0,
        0.0,
        0.0,
        0.0,
        0.0,
        0.0,
        0.0,
        0.0
      ],
      [
        0.0,
        0.0,
        0.0,
        0.0,
        0.0,
        0.0,
        0.0,
        0.0
      ],
      [
        0.0,
        0.0,
        0.0,
        0.0,
        0.0,
        0.0,
        0.0,
        0.0
      ],
      [
        0.0,
        0.0,
        0.0,
        0.0,
        0.0,
        0.0,
        0.0,
        0.0
      ],
      [
        0.0,
        0.0,
        0.0,
        0.0,
        0.0,
        0.0,
        0.0,
        0.0
      ]
    ],
    "absolute_profile_centers_seconds": [
      0.125,
      0.375,
      0.625,
      0.875,
      1.125,
      1.375,
      1.625,
      1.875,
      2.125,
      2.375,
      2.625,
      2.875,
      3.125,
      3.375,
      3.625,
      3.875
    ]
  },
  "q_only_probes": [
    {
      "feature": "mean_q",
      "split": "train",
      "loss": 0.9480314347043812,
      "balanced_accuracy": 0.6700573369558471,
      "accuracy": 0.6833046471600689,
      "macro_f1": 0.6696777156020324,
      "n_samples": 581
    },
    {
      "feature": "mean_q",
      "split": "val",
      "loss": 1.4575402241414124,
      "balanced_accuracy": 0.4512265512265512,
      "accuracy": 0.4603174603174603,
      "macro_f1": 0.4460929193772331,
      "n_samples": 126
    },
    {
      "feature": "mean_q",
      "split": "test",
      "loss": 2.0585937627499056,
      "balanced_accuracy": 0.417035742035742,
      "accuracy": 0.4315068493150685,
      "macro_f1": 0.40211589354908783,
      "n_samples": 146
    },
    {
      "feature": "final_q",
      "split": "train",
      "loss": 1.5738336874415477,
      "balanced_accuracy": 0.4857520587380182,
      "accuracy": 0.49225473321858865,
      "macro_f1": 0.48211622460951636,
      "n_samples": 581
    },
    {
      "feature": "final_q",
      "split": "val",
      "loss": 1.9717615634136703,
      "balanced_accuracy": 0.28045935545935546,
      "accuracy": 0.29365079365079366,
      "macro_f1": 0.2735588079886325,
      "n_samples": 126
    },
    {
      "feature": "final_q",
      "split": "test",
      "loss": 1.8068035045985462,
      "balanced_accuracy": 0.3920558608058608,
      "accuracy": 0.4041095890410959,
      "macro_f1": 0.38806095855580985,
      "n_samples": 146
    }
  ],
  "shuffled_q_test": [
    {
      "replicate": 0,
      "loss": 2.136039508469166,
      "balanced_accuracy": 0.46989468864468864,
      "accuracy": 0.4726027397260274,
      "macro_f1": 0.45505914407230197,
      "n_samples": 146
    },
    {
      "replicate": 1,
      "loss": 2.1140626175605397,
      "balanced_accuracy": 0.472275641025641,
      "accuracy": 0.4726027397260274,
      "macro_f1": 0.4573527828094391,
      "n_samples": 146
    },
    {
      "replicate": 2,
      "loss": 2.1331062610913496,
      "balanced_accuracy": 0.4579899267399268,
      "accuracy": 0.4589041095890411,
      "macro_f1": 0.44001352649808023,
      "n_samples": 146
    },
    {
      "replicate": 3,
      "loss": 2.1159313240540834,
      "balanced_accuracy": 0.48864468864468863,
      "accuracy": 0.4863013698630137,
      "macro_f1": 0.4696164372412857,
      "n_samples": 146
    },
    {
      "replicate": 4,
      "loss": 2.1216364916010435,
      "balanced_accuracy": 0.472275641025641,
      "accuracy": 0.4726027397260274,
      "macro_f1": 0.45530418781175946,
      "n_samples": 146
    }
  ],
  "test_trajectory": "notebooks/artifacts/experiment_5_5_non_snn_history_experts/non_snn_history_experts_v1/trajectories/ordered_gru__seed71__test.npz",
  "same_what_pairs": "notebooks/artifacts/experiment_5_5_non_snn_history_experts/non_snn_history_experts_v1/same_what/ordered_gru__seed71.csv",
  "source": {
    "source_experiment_id": "experiment_5_4_snn_native_fusion",
    "source_protocol_version": "snn_native_what_when_fusion_v1",
    "source_cache_seed": 71,
    "what_definition": "frozen Local-SNN L2 spikes",
    "sampling_rate_hz": 64.0,
    "split_seed": 12345
  },
  "selection_policy": "best epoch selected by validation balanced accuracy, tie-broken by validation loss",
  "test_used_for_checkpoint_selection": false
}
