{
  "experiment_id": "experiment_5_5_non_snn_history_experts",
  "protocol_version": "non_snn_history_experts_v1",
  "spec": {
    "condition": "shared",
    "seed": 37
  },
  "seed": 37,
  "model_seed": 3937172365,
  "best_epoch": 138,
  "stopped_after_epoch": 163,
  "parameter_counts": {
    "trainable_total": 1548,
    "stored_total": 1548
  },
  "train": {
    "loss": 0.039392307022403726,
    "balanced_accuracy": 0.9916750460868108,
    "accuracy": 0.9913941480206541,
    "macro_f1": 0.9918851113810603,
    "n_samples": 581
  },
  "val": {
    "loss": 7.234445571899414,
    "balanced_accuracy": 0.4679653679653679,
    "accuracy": 0.4603174603174603,
    "macro_f1": 0.4567972063814932,
    "n_samples": 126
  },
  "test": {
    "loss": 8.542170420084915,
    "balanced_accuracy": 0.4669566544566544,
    "accuracy": 0.4726027397260274,
    "macro_f1": 0.46787191606186157,
    "n_samples": 146
  },
  "state_diagnostics": null,
  "q_only_probes": [],
  "shuffled_q_test": [],
  "test_trajectory": null,
  "same_what_pairs": null,
  "source": {
    "source_experiment_id": "experiment_5_4_snn_native_fusion",
    "source_protocol_version": "snn_native_what_when_fusion_v1",
    "source_cache_seed": 37,
    "what_definition": "frozen Local-SNN L2 spikes",
    "sampling_rate_hz": 64.0,
    "split_seed": 12345
  },
  "selection_policy": "best epoch selected by validation balanced accuracy, tie-broken by validation loss",
  "test_used_for_checkpoint_selection": false
}
