{
  "experiment_id": "experiment_5_5_non_snn_history_experts",
  "protocol_version": "non_snn_history_experts_v1",
  "spec": {
    "condition": "shared",
    "seed": 71
  },
  "seed": 71,
  "model_seed": 1840036718,
  "best_epoch": 72,
  "stopped_after_epoch": 97,
  "parameter_counts": {
    "trainable_total": 1548,
    "stored_total": 1548
  },
  "train": {
    "loss": 0.5093028803905809,
    "balanced_accuracy": 0.8719284561827046,
    "accuracy": 0.8691910499139415,
    "macro_f1": 0.8695609378595912,
    "n_samples": 581
  },
  "val": {
    "loss": 6.075388431549072,
    "balanced_accuracy": 0.4390211640211641,
    "accuracy": 0.4365079365079365,
    "macro_f1": 0.4142031038676466,
    "n_samples": 126
  },
  "test": {
    "loss": 9.152785876025892,
    "balanced_accuracy": 0.39413017538017536,
    "accuracy": 0.4041095890410959,
    "macro_f1": 0.3799019297824449,
    "n_samples": 146
  },
  "state_diagnostics": null,
  "q_only_probes": [],
  "shuffled_q_test": [],
  "test_trajectory": null,
  "same_what_pairs": null,
  "source": {
    "source_experiment_id": "experiment_5_4_snn_native_fusion",
    "source_protocol_version": "snn_native_what_when_fusion_v1",
    "source_cache_seed": 71,
    "what_definition": "frozen Local-SNN L2 spikes",
    "sampling_rate_hz": 64.0,
    "split_seed": 12345
  },
  "selection_policy": "best epoch selected by validation balanced accuracy, tie-broken by validation loss",
  "test_used_for_checkpoint_selection": false
}
