{
  "experiment_id": "experiment_5_5_non_snn_history_experts",
  "protocol_version": "non_snn_history_experts_v1",
  "spec": {
    "condition": "clock",
    "seed": 11
  },
  "seed": 11,
  "model_seed": 1438468696,
  "best_epoch": 38,
  "stopped_after_epoch": 63,
  "parameter_counts": {
    "trainable_total": 12300,
    "stored_total": 12300
  },
  "train": {
    "loss": 0.067122703538358,
    "balanced_accuracy": 0.9900083794201442,
    "accuracy": 0.9896729776247849,
    "macro_f1": 0.990261739370407,
    "n_samples": 581
  },
  "val": {
    "loss": 2.1884961128234863,
    "balanced_accuracy": 0.6027597402597403,
    "accuracy": 0.5952380952380952,
    "macro_f1": 0.6070436507936509,
    "n_samples": 126
  },
  "test": {
    "loss": 2.281664636037121,
    "balanced_accuracy": 0.5440150127650127,
    "accuracy": 0.541095890410959,
    "macro_f1": 0.5303770040494326,
    "n_samples": 146
  },
  "state_diagnostics": {
    "occupancy": [
      0.22858461140697567,
      0.28005606184217946,
      0.24310575209488886,
      0.15164033089739112,
      0.0683896137565631,
      0.02222990578725086,
      0.005153488137286953,
      0.0008402307526801565
    ],
    "entropy_mean": 1.5345749793687224,
    "entropy_median": 1.5446521382244158,
    "total_variation_l1_mean": 0.012413341246566017,
    "argmax_transitions_per_second": 1.8245849404662082,
    "mean_dwell_seconds": 0.3881172839506173,
    "median_dwell_seconds": 0.40625,
    "relative_profile": [
      [
        0.4003409973663997,
        0.33736263540915296,
        0.18252667324924016,
        0.06340542585954448,
        0.014141817623602015,
        0.0020252073342437397,
        0.00018622009609984321,
        1.0994664874867996e-05
      ],
      [
        0.3570049581994049,
        0.336425395636716,
        0.20379304179289298,
        0.07935917467686406,
        0.019867002084744016,
        0.0031975182932529483,
        0.0003308698341120697,
        2.2013024804410056e-05
      ],
      [
        0.3152309179281174,
        0.3307093260087402,
        0.22362195431341023,
        0.09746873530375152,
        0.027385831983749123,
        0.004960394899412877,
        0.0005792296946981224,
        4.3605014668368625e-05
      ],
      [
        0.2742247671769138,
        0.3199922396663875,
        0.24162551099238014,
        0.11807414070714878,
        0.03734154470013415,
        0.007642756603886118,
        0.0010122845772376778,
        8.67567977999172e-05
      ],
      [
        0.23584743923548954,
        0.3047617090668898,
        0.2561430570768008,
        0.14003432356456846,
        0.04979653146639212,
        0.01151614171395606,
        0.0017315769510126335,
        0.0001692169775035405
      ],
      [
        0.1998175348770196,
        0.2851781277177949,
        0.2664356699608027,
        0.16296946899220655,
        0.06525014398000699,
        0.017093436758326457,
        0.002927959599443508,
        0.0003276608377278896
      ],
      [
        0.16641212554769388,
        0.26173900279794476,
        0.2715591989618768,
        0.18588633084059158,
        0.08391961399558777,
        0.024966138550630474,
        0.004888539397521503,
        0.0006290514757256007
      ],
      [
        0.13672395039179602,
        0.23593198808064517,
        0.27081438552354997,
        0.20685914182773904,
        0.10509466875640773,
        0.03546675827035873,
        0.00793499815121747,
        0.0011741113855755438
      ],
      [
        0.11187616100562783,
        0.20994595452546078,
        0.2644367498005173,
        0.22375770990358967,
        0.1271380014276017,
        0.048424293276214836,
        0.012329669476184335,
        0.0020914631806927555
      ],
      [
        0.08969180184477782,
        0.18282272141181563,
        0.2525331273815101,
        0.23679056094498097,
        0.1506750216170398,
        0.06492519153130231,
        0.018875827826066876,
        0.003685748020249425
      ]
    ],
    "relative_profile_centers": [
      0.05,
      0.15,
      0.25,
      0.35,
      0.45,
      0.55,
      0.65,
      0.75,
      0.85,
      0.95
    ],
    "absolute_profile": [
      [
        0.3837295640259981,
        0.33725995011627674,
        0.19070322066545486,
        0.06937483558431268,
        0.016236328869126737,
        0.0024445581511827186,
        0.00023676643559156219,
        1.475099543313263e-05
      ],
      [
        0.30634333938360214,
        0.3293726146221161,
        0.2278346074745059,
        0.10139194363728166,
        0.02902894711587578,
        0.005346743681002408,
        0.0006335185771604301,
        4.8285500156453054e-05
      ],
      [
        0.23260859957547328,
        0.30581992223244353,
        0.2586738137701123,
        0.14076225981884397,
        0.04927897058056085,
        0.011098567667638058,
        0.001607998641115002,
        0.00014986335625201928
      ],
      [
        0.16774856861875853,
        0.26856964035210396,
        0.27661830990616737,
        0.18329109560754797,
        0.07813454739570734,
        0.0214281533035617,
        0.003780592586918097,
        0.0004290970411537761
      ],
      [
        0.11249243429132327,
        0.22014104874840207,
        0.27713887243513846,
        0.2244528885005386,
        0.11694758046584525,
        0.039200934001309855,
        0.008453495482837034,
        0.0011727360097964288
      ],
      [
        0.07142529053429064,
        0.1695552213440815,
        0.2588892503223988,
        0.25426505228327995,
        0.16063884254525138,
        0.06528626575558204,
        0.017069138419894745,
        0.002870946438215411
      ],
      [
        0.041450037530542,
        0.12000534260301914,
        0.2234464604950067,
        0.26759462152580615,
        0.2061304658362009,
        0.1021393658322038,
        0.03255749704515182,
        0.006676222606860463
      ],
      [
        0.02324609107204846,
        0.08100808915637789,
        0.1814032161519641,
        0.2610548131522678,
        0.24144585870561144,
        0.14352878899801344,
        0.054842619314080195,
        0.013470503971690223
      ],
      [
        0.01341878871122996,
        0.05490108082691828,
        0.14403732120990753,
        0.24232355256875357,
        0.2614223857720693,
        0.1808491200208664,
        0.08022627234458923,
        0.022821457435687382
      ],
      [
        0.0,
        0.0,
        0.0,
        0.0,
        0.0,
        0.0,
        0.0,
        0.0
      ],
      [
        0.0,
        0.0,
        0.0,
        0.0,
        0.0,
        0.0,
        0.0,
        0.0
      ],
      [
        0.0,
        0.0,
        0.0,
        0.0,
        0.0,
        0.0,
        0.0,
        0.0
      ],
      [
        0.0,
        0.0,
        0.0,
        0.0,
        0.0,
        0.0,
        0.0,
        0.0
      ],
      [
        0.0,
        0.0,
        0.0,
        0.0,
        0.0,
        0.0,
        0.0,
        0.0
      ],
      [
        0.0,
        0.0,
        0.0,
        0.0,
        0.0,
        0.0,
        0.0,
        0.0
      ],
      [
        0.0,
        0.0,
        0.0,
        0.0,
        0.0,
        0.0,
        0.0,
        0.0
      ]
    ],
    "absolute_profile_centers_seconds": [
      0.125,
      0.375,
      0.625,
      0.875,
      1.125,
      1.375,
      1.625,
      1.875,
      2.125,
      2.375,
      2.625,
      2.875,
      3.125,
      3.375,
      3.625,
      3.875
    ]
  },
  "q_only_probes": [],
  "shuffled_q_test": [],
  "test_trajectory": null,
  "same_what_pairs": null,
  "source": {
    "source_experiment_id": "experiment_5_4_snn_native_fusion",
    "source_protocol_version": "snn_native_what_when_fusion_v1",
    "source_cache_seed": 11,
    "what_definition": "frozen Local-SNN L2 spikes",
    "sampling_rate_hz": 64.0,
    "split_seed": 12345
  },
  "selection_policy": "best epoch selected by validation balanced accuracy, tie-broken by validation loss",
  "test_used_for_checkpoint_selection": false
}
