{
  "experiment_id": "experiment_5_5_non_snn_history_experts",
  "protocol_version": "non_snn_history_experts_v1",
  "spec": {
    "condition": "ordered_gru",
    "seed": 11
  },
  "seed": 11,
  "model_seed": 1438468696,
  "best_epoch": 9,
  "stopped_after_epoch": 34,
  "parameter_counts": {
    "trainable_total": 50068,
    "stored_total": 50068
  },
  "train": {
    "loss": 0.33799798222396543,
    "balanced_accuracy": 0.899656628885495,
    "accuracy": 0.8950086058519794,
    "macro_f1": 0.8956796498968803,
    "n_samples": 581
  },
  "val": {
    "loss": 1.4296985864639282,
    "balanced_accuracy": 0.5508658008658008,
    "accuracy": 0.5476190476190477,
    "macro_f1": 0.54886983206269,
    "n_samples": 126
  },
  "test": {
    "loss": 1.7075200538112694,
    "balanced_accuracy": 0.46602980352980344,
    "accuracy": 0.4726027397260274,
    "macro_f1": 0.4563355338199708,
    "n_samples": 146
  },
  "state_diagnostics": {
    "occupancy": [
      0.10145900811385326,
      0.10259497884261028,
      0.13048265392461889,
      0.14447945206703197,
      0.10892322739417128,
      0.16539639326811054,
      0.14090053996872318,
      0.10576374559571276
    ],
    "entropy_mean": 2.041209740834139,
    "entropy_median": 2.0483768620496385,
    "total_variation_l1_mean": 0.053372459503619456,
    "argmax_transitions_per_second": 11.307060204595002,
    "mean_dwell_seconds": 0.08372170439414114,
    "median_dwell_seconds": 0.03125,
    "relative_profile": [
      [
        0.11585704038579818,
        0.11685241011997001,
        0.13766437503096612,
        0.13320515896606294,
        0.11350975452061696,
        0.1223076119240892,
        0.1410145099934992,
        0.11958913601156843
      ],
      [
        0.10938653694962568,
        0.11286793981034507,
        0.13747178519004286,
        0.14224268620318017,
        0.11636119319487183,
        0.12177568611000475,
        0.14244446619575454,
        0.11744970438416785
      ],
      [
        0.1056428183681076,
        0.10487815144287735,
        0.14001937761741245,
        0.1481330791694905,
        0.12159959736394325,
        0.13351441622153234,
        0.13766648945359014,
        0.10854606733683052
      ],
      [
        0.10324103585149669,
        0.10048603965637554,
        0.134635130338025,
        0.15256562896292925,
        0.12019621709102317,
        0.1477382299832151,
        0.13240243060050635,
        0.10873528777735646
      ],
      [
        0.10106707759099812,
        0.09813382241353646,
        0.13173901677169797,
        0.15322355400300475,
        0.11165355835682092,
        0.1649604242345884,
        0.13671652757190803,
        0.10250602158441276
      ],
      [
        0.09762617483771938,
        0.09693712601092662,
        0.13140739800265674,
        0.1491513727179069,
        0.10799290542010916,
        0.17510156571766805,
        0.1407914456327101,
        0.10099201112285391
      ],
      [
        0.09862446638069018,
        0.09665846488068187,
        0.12825396171028722,
        0.14156296848630945,
        0.10214303797126412,
        0.19182645369587642,
        0.14124247049928307,
        0.09968817513591041
      ],
      [
        0.09527670413684321,
        0.09886883254369402,
        0.12459634789998458,
        0.14152712536922163,
        0.09944773777411674,
        0.19698581384422412,
        0.14390810620663735,
        0.09938933092993629
      ],
      [
        0.0943885291514542,
        0.09867333087180812,
        0.12166058945349839,
        0.1410336209918203,
        0.09739180977373868,
        0.20095679804508595,
        0.14645400510880108,
        0.09944131739673909
      ],
      [
        0.09331166476513432,
        0.10097851234321778,
        0.1178839763503837,
        0.14302000871109177,
        0.09948272512916206,
        0.19843814686688135,
        0.14591421560620813,
        0.10097074967029514
      ]
    ],
    "relative_profile_centers": [
      0.05,
      0.15,
      0.25,
      0.35,
      0.45,
      0.55,
      0.65,
      0.75,
      0.85,
      0.95
    ],
    "absolute_profile": [
      [
        0.11348207111546949,
        0.115432017945289,
        0.13765486480336483,
        0.1367623741445068,
        0.11377117142068503,
        0.12177532422356308,
        0.1417509589746135,
        0.11937121292321037
      ],
      [
        0.1050887032864896,
        0.10452458670056641,
        0.13766727661905326,
        0.14929390911727328,
        0.12164366106209282,
        0.13725085642622553,
        0.13656310218526688,
        0.10796790475772107
      ],
      [
        0.10096088158369985,
        0.09697141379751649,
        0.13041204870982526,
        0.1550459953863494,
        0.1123873922698635,
        0.16580896413024143,
        0.13523984086920612,
        0.10317346410140958
      ],
      [
        0.09641342731926643,
        0.09616434028371257,
        0.12832357260894087,
        0.14377434588184673,
        0.10361638727925655,
        0.18937961868412986,
        0.14297403034134584,
        0.0993542777765515
      ],
      [
        0.09415919935912084,
        0.098343611413696,
        0.12399888437739603,
        0.14194527850693958,
        0.09723055562016311,
        0.2023622871916385,
        0.14513582174850118,
        0.09682436072665035
      ],
      [
        0.09174616393634179,
        0.10146227653542012,
        0.12048572304245002,
        0.13643088978859055,
        0.09552528291020276,
        0.20731668401989567,
        0.14773117973845099,
        0.09930179964382047
      ],
      [
        0.09183500802994353,
        0.10059118173220782,
        0.1128471377712575,
        0.13586112614540222,
        0.09305784851312637,
        0.20849557125090973,
        0.14995125936145343,
        0.10736086599311782
      ],
      [
        0.09590243420430593,
        0.10532786243018649,
        0.1100840667173976,
        0.13262422233819962,
        0.1021848819795109,
        0.18958764956111,
        0.1436368607339405,
        0.12065202373833883
      ],
      [
        0.11229425917069118,
        0.10640586664279301,
        0.13452580074469248,
        0.1291272242863973,
        0.08218827843666077,
        0.16274544099966684,
        0.1435903161764145,
        0.12912283837795258
      ],
      [
        0.0,
        0.0,
        0.0,
        0.0,
        0.0,
        0.0,
        0.0,
        0.0
      ],
      [
        0.0,
        0.0,
        0.0,
        0.0,
        0.0,
        0.0,
        0.0,
        0.0
      ],
      [
        0.0,
        0.0,
        0.0,
        0.0,
        0.0,
        0.0,
        0.0,
        0.0
      ],
      [
        0.0,
        0.0,
        0.0,
        0.0,
        0.0,
        0.0,
        0.0,
        0.0
      ],
      [
        0.0,
        0.0,
        0.0,
        0.0,
        0.0,
        0.0,
        0.0,
        0.0
      ],
      [
        0.0,
        0.0,
        0.0,
        0.0,
        0.0,
        0.0,
        0.0,
        0.0
      ],
      [
        0.0,
        0.0,
        0.0,
        0.0,
        0.0,
        0.0,
        0.0,
        0.0
      ]
    ],
    "absolute_profile_centers_seconds": [
      0.125,
      0.375,
      0.625,
      0.875,
      1.125,
      1.375,
      1.625,
      1.875,
      2.125,
      2.375,
      2.625,
      2.875,
      3.125,
      3.375,
      3.625,
      3.875
    ]
  },
  "q_only_probes": [
    {
      "feature": "mean_q",
      "split": "train",
      "loss": 0.9154061336946585,
      "balanced_accuracy": 0.6505588907058749,
      "accuracy": 0.6643717728055077,
      "macro_f1": 0.6503222540835726,
      "n_samples": 581
    },
    {
      "feature": "mean_q",
      "split": "val",
      "loss": 1.8816527085428685,
      "balanced_accuracy": 0.35599446849446853,
      "accuracy": 0.36507936507936506,
      "macro_f1": 0.34277089162451896,
      "n_samples": 126
    },
    {
      "feature": "mean_q",
      "split": "test",
      "loss": 1.9720127776632879,
      "balanced_accuracy": 0.3533091908091908,
      "accuracy": 0.3698630136986301,
      "macro_f1": 0.33201044053985235,
      "n_samples": 146
    },
    {
      "feature": "final_q",
      "split": "train",
      "loss": 1.5771044707531048,
      "balanced_accuracy": 0.4391800725913808,
      "accuracy": 0.45266781411359724,
      "macro_f1": 0.4306488767503061,
      "n_samples": 581
    },
    {
      "feature": "final_q",
      "split": "val",
      "loss": 2.041153743083547,
      "balanced_accuracy": 0.29296536796536804,
      "accuracy": 0.30952380952380953,
      "macro_f1": 0.2889941751027681,
      "n_samples": 126
    },
    {
      "feature": "final_q",
      "split": "test",
      "loss": 1.932654311145069,
      "balanced_accuracy": 0.3404845154845155,
      "accuracy": 0.3493150684931507,
      "macro_f1": 0.3306074492611543,
      "n_samples": 146
    }
  ],
  "shuffled_q_test": [
    {
      "replicate": 0,
      "loss": 1.7340585284772727,
      "balanced_accuracy": 0.4899746087246087,
      "accuracy": 0.4931506849315068,
      "macro_f1": 0.4795995990800978,
      "n_samples": 146
    },
    {
      "replicate": 1,
      "loss": 1.7218711030427576,
      "balanced_accuracy": 0.48997460872460863,
      "accuracy": 0.4931506849315068,
      "macro_f1": 0.47548989184539053,
      "n_samples": 146
    },
    {
      "replicate": 2,
      "loss": 1.734470133245906,
      "balanced_accuracy": 0.47644647019647013,
      "accuracy": 0.4794520547945205,
      "macro_f1": 0.46169515904515657,
      "n_samples": 146
    },
    {
      "replicate": 3,
      "loss": 1.7199292494546632,
      "balanced_accuracy": 0.4840222277722277,
      "accuracy": 0.4863013698630137,
      "macro_f1": 0.47336736753754055,
      "n_samples": 146
    },
    {
      "replicate": 4,
      "loss": 1.7374315702930263,
      "balanced_accuracy": 0.47644647019647013,
      "accuracy": 0.4794520547945205,
      "macro_f1": 0.46169515904515657,
      "n_samples": 146
    }
  ],
  "test_trajectory": "notebooks/artifacts/experiment_5_5_non_snn_history_experts/non_snn_history_experts_v1/trajectories/ordered_gru__seed11__test.npz",
  "same_what_pairs": "notebooks/artifacts/experiment_5_5_non_snn_history_experts/non_snn_history_experts_v1/same_what/ordered_gru__seed11.csv",
  "source": {
    "source_experiment_id": "experiment_5_4_snn_native_fusion",
    "source_protocol_version": "snn_native_what_when_fusion_v1",
    "source_cache_seed": 11,
    "what_definition": "frozen Local-SNN L2 spikes",
    "sampling_rate_hz": 64.0,
    "split_seed": 12345
  },
  "selection_policy": "best epoch selected by validation balanced accuracy, tie-broken by validation loss",
  "test_used_for_checkpoint_selection": false
}
