{
  "experiment_id": "experiment_5_5_non_snn_history_experts",
  "protocol_version": "non_snn_history_experts_v1",
  "spec": {
    "condition": "reset_gru",
    "seed": 37
  },
  "seed": 37,
  "model_seed": 3937172365,
  "best_epoch": 34,
  "stopped_after_epoch": 59,
  "parameter_counts": {
    "trainable_total": 50068,
    "stored_total": 50068
  },
  "train": {
    "loss": 0.11817359825894365,
    "balanced_accuracy": 0.9738807011252427,
    "accuracy": 0.9741824440619621,
    "macro_f1": 0.9743331316513868,
    "n_samples": 581
  },
  "val": {
    "loss": 1.940415620803833,
    "balanced_accuracy": 0.5355519480519481,
    "accuracy": 0.5317460317460317,
    "macro_f1": 0.523858926400206,
    "n_samples": 126
  },
  "test": {
    "loss": 2.1979351370301967,
    "balanced_accuracy": 0.50505883005883,
    "accuracy": 0.5068493150684932,
    "macro_f1": 0.5105292986528683,
    "n_samples": 146
  },
  "state_diagnostics": {
    "occupancy": [
      0.13409859666291,
      0.1400319292352611,
      0.1515130254707248,
      0.10512437405326386,
      0.1315930011204516,
      0.1234894460153558,
      0.0878744402922248,
      0.12627519542972246
    ],
    "entropy_mean": 2.041109924446044,
    "entropy_median": 2.0438820646595106,
    "total_variation_l1_mean": 0.12586435161495987,
    "argmax_transitions_per_second": 29.220191178936776,
    "mean_dwell_seconds": 0.03373725630477553,
    "median_dwell_seconds": 0.015625,
    "relative_profile": [
      [
        0.13776677299314474,
        0.1265573823718425,
        0.12248777803858812,
        0.12303745708298645,
        0.1121887955048322,
        0.12999420511665977,
        0.12612860085136152,
        0.1218390551431081
      ],
      [
        0.14187194469442416,
        0.12536199023721584,
        0.13244115302589968,
        0.11893998732463876,
        0.11212115140851023,
        0.13090926765209532,
        0.11695586290970685,
        0.12139867041118058
      ],
      [
        0.15224399989947765,
        0.12869498236811688,
        0.14616222741754975,
        0.10916819038480098,
        0.10961391159750403,
        0.13205517194636968,
        0.09916248796717439,
        0.12289903458329018
      ],
      [
        0.14844811737600258,
        0.13148317522514721,
        0.15411469470473785,
        0.10564659896782179,
        0.11808480310729284,
        0.13095918849173477,
        0.08685647728951168,
        0.12440694692517132
      ],
      [
        0.14630832633086235,
        0.13381676241094342,
        0.1629366553913001,
        0.10056413995553405,
        0.12675658752664976,
        0.12384830005848367,
        0.08141401341127759,
        0.12435521498487773
      ],
      [
        0.14111513932222486,
        0.141106551772587,
        0.16090221292748494,
        0.09713759670081654,
        0.13355977511108658,
        0.11949136120751684,
        0.07822430966251513,
        0.1284630535583504
      ],
      [
        0.13172257327150783,
        0.14550325747411977,
        0.15903346582057076,
        0.09811408297095243,
        0.14234797010653824,
        0.11916989675984903,
        0.07450485917834097,
        0.1296038921215818
      ],
      [
        0.12019757626738947,
        0.15034666393967047,
        0.16074461895852726,
        0.09743880108944353,
        0.15192868545109348,
        0.11595917569375684,
        0.07167402524406535,
        0.13171045266583487
      ],
      [
        0.11276182062451251,
        0.15479094117805237,
        0.15979678313774937,
        0.10025701004209522,
        0.15539004879759527,
        0.11709982253150868,
        0.06890870342171053,
        0.13099487212320202
      ],
      [
        0.11015671192081558,
        0.1616707279005301,
        0.1576976569713937,
        0.1003819179186907,
        0.15329580563105946,
        0.11570729202587964,
        0.0739173921362313,
        0.127172494581594
      ]
    ],
    "relative_profile_centers": [
      0.05,
      0.15,
      0.25,
      0.35,
      0.45,
      0.55,
      0.65,
      0.75,
      0.85,
      0.95
    ],
    "absolute_profile": [
      [
        0.1383256159965204,
        0.1257461658264319,
        0.12560873146947116,
        0.1222862241349553,
        0.11257464076035133,
        0.13062071421005036,
        0.12327772954459723,
        0.12156021828469757
      ],
      [
        0.15596664196186483,
        0.1275876556070241,
        0.15130878672679912,
        0.10761497624231221,
        0.10660184951250326,
        0.13194879827293735,
        0.09639409844833745,
        0.12257719644319827
      ],
      [
        0.14360557428538748,
        0.13147213550674955,
        0.1626700369346746,
        0.10013931745637682,
        0.12719363695861854,
        0.12704474736433924,
        0.07861207593936485,
        0.12926247541687078
      ],
      [
        0.13367663933090934,
        0.14855158997118853,
        0.16150325217625702,
        0.09204544303496562,
        0.14626760406276496,
        0.11308531166472333,
        0.0740930842872977,
        0.13077707562962118
      ],
      [
        0.11206076720337958,
        0.15724910041139384,
        0.15970354359715608,
        0.0950843920302429,
        0.1608221897155426,
        0.11372256636097552,
        0.06844202813923739,
        0.132915411937009
      ],
      [
        0.09919830677878108,
        0.16628434357488245,
        0.15428411908233508,
        0.10451433936548563,
        0.16546895098698913,
        0.11381903269721931,
        0.06985190057287963,
        0.12657900620351076
      ],
      [
        0.10287636086272384,
        0.16623781465934317,
        0.15002404017717513,
        0.11958827429170747,
        0.1465377972271402,
        0.1247270978191524,
        0.07476560181024873,
        0.11524301326101266
      ],
      [
        0.11587104942826998,
        0.1629706492736226,
        0.1499342828989029,
        0.1308891386503265,
        0.12444898138443629,
        0.1272570977608363,
        0.08737075293347948,
        0.10125804869901567
      ],
      [
        0.1074192648132642,
        0.1652096708615621,
        0.12619175761938095,
        0.13462653756141663,
        0.11867599189281464,
        0.14622902870178223,
        0.08783107002576192,
        0.11381666610638301
      ],
      [
        0.0,
        0.0,
        0.0,
        0.0,
        0.0,
        0.0,
        0.0,
        0.0
      ],
      [
        0.0,
        0.0,
        0.0,
        0.0,
        0.0,
        0.0,
        0.0,
        0.0
      ],
      [
        0.0,
        0.0,
        0.0,
        0.0,
        0.0,
        0.0,
        0.0,
        0.0
      ],
      [
        0.0,
        0.0,
        0.0,
        0.0,
        0.0,
        0.0,
        0.0,
        0.0
      ],
      [
        0.0,
        0.0,
        0.0,
        0.0,
        0.0,
        0.0,
        0.0,
        0.0
      ],
      [
        0.0,
        0.0,
        0.0,
        0.0,
        0.0,
        0.0,
        0.0,
        0.0
      ],
      [
        0.0,
        0.0,
        0.0,
        0.0,
        0.0,
        0.0,
        0.0,
        0.0
      ]
    ],
    "absolute_profile_centers_seconds": [
      0.125,
      0.375,
      0.625,
      0.875,
      1.125,
      1.375,
      1.625,
      1.875,
      2.125,
      2.375,
      2.625,
      2.875,
      3.125,
      3.375,
      3.625,
      3.875
    ]
  },
  "q_only_probes": [
    {
      "feature": "mean_q",
      "split": "train",
      "loss": 1.029140894373204,
      "balanced_accuracy": 0.6366797801021871,
      "accuracy": 0.6506024096385542,
      "macro_f1": 0.6252712945498727,
      "n_samples": 581
    },
    {
      "feature": "mean_q",
      "split": "val",
      "loss": 1.8889840852422528,
      "balanced_accuracy": 0.3595719095719096,
      "accuracy": 0.35714285714285715,
      "macro_f1": 0.3448566230428975,
      "n_samples": 126
    },
    {
      "feature": "mean_q",
      "split": "test",
      "loss": 2.2062412101505573,
      "balanced_accuracy": 0.3600441225441225,
      "accuracy": 0.363013698630137,
      "macro_f1": 0.33501861171250163,
      "n_samples": 146
    },
    {
      "feature": "final_q",
      "split": "train",
      "loss": 1.9761033727289756,
      "balanced_accuracy": 0.2918806929991262,
      "accuracy": 0.3029259896729776,
      "macro_f1": 0.28430546866361156,
      "n_samples": 581
    },
    {
      "feature": "final_q",
      "split": "val",
      "loss": 2.2620432680818285,
      "balanced_accuracy": 0.20036676286676283,
      "accuracy": 0.20634920634920634,
      "macro_f1": 0.19975093344658565,
      "n_samples": 126
    },
    {
      "feature": "final_q",
      "split": "test",
      "loss": 2.318377041644416,
      "balanced_accuracy": 0.24365218115218112,
      "accuracy": 0.2534246575342466,
      "macro_f1": 0.22783775415999355,
      "n_samples": 146
    }
  ],
  "shuffled_q_test": [],
  "test_trajectory": null,
  "same_what_pairs": null,
  "source": {
    "source_experiment_id": "experiment_5_4_snn_native_fusion",
    "source_protocol_version": "snn_native_what_when_fusion_v1",
    "source_cache_seed": 37,
    "what_definition": "frozen Local-SNN L2 spikes",
    "sampling_rate_hz": 64.0,
    "split_seed": 12345
  },
  "selection_policy": "best epoch selected by validation balanced accuracy, tie-broken by validation loss",
  "test_used_for_checkpoint_selection": false
}
