{
  "experiment_id": "experiment_8_1_hidden_quantization_ablation",
  "protocol_version": "hidden_quantization_ablation_v1",
  "methods": {
    "binary128": {
      "l1_width": 128,
      "coding": "binary"
    },
    "weighted31_128": {
      "l1_width": 128,
      "coding": "weighted31"
    },
    "mt3_128": {
      "l1_width": 128,
      "coding": "hetero3"
    },
    "binary384": {
      "l1_width": 384,
      "coding": "binary"
    },
    "mt3_384": {
      "l1_width": 384,
      "coding": "hetero3"
    }
  },
  "method_order": [
    "binary128",
    "weighted31_128",
    "mt3_128",
    "binary384",
    "mt3_384"
  ],
  "seeds": [
    11,
    23,
    37
  ],
  "counts": {
    "methods": 5,
    "seeds": 3,
    "parallel_runs": 15
  },
  "training": "Exp7.3 A2-compatible end-to-end Linear/WCCE",
  "hidden_shifts": [
    2,
    3,
    4
  ],
  "l2_width": 128,
  "threshold": 0.5,
  "threshold_multipliers": [
    0.5,
    1.0,
    1.5
  ],
  "weighted_hidden_cap": 31,
  "scope": "L1 coding/width only; L2 remains 128-neuron binary (234)",
  "primary_metric": "linear_test_ba",
  "diagnostics": {
    "states": [
      "pre_reset",
      "communication"
    ],
    "aggregations": [
      "whole_mean",
      "fixed250_ordered_mean"
    ]
  }
}
